******************************************************************************
                  TI ARM Linker PC v15.12.3                    
******************************************************************************
>> Linked Sun Mar 10 00:49:35 2019

OUTPUT FILE NAME:   <Scheduler.out>
ENTRY POINT SYMBOL: "_c_int00"  address: 00000791


MEMORY CONFIGURATION

         name            origin    length      used     unused   attr    fill
----------------------  --------  ---------  --------  --------  ----  --------
  FLASH                 00000000   00040000  00000994  0003f66c  R  X
  SRAM                  20000000   00008000  0000024c  00007db4  RW X


SEGMENT ALLOCATION MAP

run origin  load origin   length   init length attrs members
----------  ----------- ---------- ----------- ----- -------
00000000    00000000    00000994   00000994    r-x
  00000000    00000000    0000026c   0000026c    r-- .intvecs
  0000026c    0000026c    000006e4   000006e4    r-x .text
  00000950    00000950    00000044   00000044    r-- .cinit
20000000    20000000    0000024c   00000000    rw-
  20000000    20000000    00000200   00000000    rw- .stack
  20000200    20000200    00000040   00000000    rw- .data
  20000240    20000240    0000000c   00000000    rw- .bss


SECTION ALLOCATION MAP

 output                                  attributes/
section   page    origin      length       input sections
--------  ----  ----------  ----------   ----------------
.intvecs   0    00000000    0000026c     
                  00000000    0000026c     tm4c123gh6pm_startup_ccs.obj (.intvecs)

.text      0    0000026c    000006e4     
                  0000026c    000002d0     Scheduler.obj (.text)
                  0000053c    0000009c     rtsv7M4_T_le_v4SPD16_eabi.lib : memcpy_t2.obj (.text)
                  000005d8    0000007a                                   : memset_t2.obj (.text)
                  00000652    00000002                                   : mpu_init.obj (.text)
                  00000654    00000070                                   : autoinit.obj (.text)
                  000006c4    0000006a                                   : copy_decompress_rle.obj (.text)
                  0000072e    00000002                                   : startup.obj (.text)
                  00000730    00000060     Systick.obj (.text)
                  00000790    00000054     rtsv7M4_T_le_v4SPD16_eabi.lib : boot.obj (.text)
                  000007e4    00000054                                   : exit.obj (.text)
                  00000838    0000004c                                   : cpy_tbl.obj (.text)
                  00000884    00000048     PORTF.obj (.text)
                  000008cc    00000024     main.obj (.text)
                  000008f0    00000018     rtsv7M4_T_le_v4SPD16_eabi.lib : args_main.obj (.text)
                  00000908    00000014                                   : _lock.obj (.text)
                  0000091c    00000010     tasks.obj (.text)
                  0000092c    0000000e     rtsv7M4_T_le_v4SPD16_eabi.lib : copy_decompress_none.obj (.text:decompress:none)
                  0000093a    0000000c     tm4c123gh6pm_startup_ccs.obj (.text)
                  00000946    00000006     rtsv7M4_T_le_v4SPD16_eabi.lib : copy_decompress_rle.obj (.text:decompress:rle24)
                  0000094c    00000004                                   : pre_init.obj (.text)

.cinit     0    00000950    00000044     
                  00000950    0000001b     (.cinit..data.load) [load image, compression = rle]
                  0000096b    00000005     --HOLE-- [fill = 0]
                  00000970    00000009     (.cinit..bss.load) [load image, compression = rle]
                  00000979    00000003     --HOLE-- [fill = 0]
                  0000097c    00000008     (__TI_handler_table)
                  00000984    00000010     (__TI_cinit_table)

.init_array 
*          0    00000000    00000000     UNINITIALIZED

.stack     0    20000000    00000200     UNINITIALIZED
                  20000000    00000200     --HOLE--

.data      0    20000200    00000040     UNINITIALIZED
                  20000200    00000018     Scheduler.obj (.data:Task_Array)
                  20000218    0000000c     rtsv7M4_T_le_v4SPD16_eabi.lib : exit.obj (.data:$O1$$)
                  20000224    00000008                                   : _lock.obj (.data:$O1$$)
                  2000022c    00000006     Systick.obj (.data)
                  20000232    00000002     --HOLE--
                  20000234    00000005     Scheduler.obj (.data)
                  20000239    00000003     --HOLE--
                  2000023c    00000004     rtsv7M4_T_le_v4SPD16_eabi.lib : stkdepth_vars.obj (.data)

.bss       0    20000240    0000000c     UNINITIALIZED
                  20000240    00000008     (.common:ReadyQueue)
                  20000248    00000004     (.common:General_Ptr)

MODULE SUMMARY

       Module                         code   ro data   rw data
       ------                         ----   -------   -------
    .\
       tm4c123gh6pm_startup_ccs.obj   12     620       0      
       main.obj                       36     0         4      
    +--+------------------------------+------+---------+---------+
       Total:                         48     620       4      
                                                              
    .\src\
       Scheduler.obj                  720    0         29     
       Systick.obj                    96     0         6      
       PORTF.obj                      72     0         0      
       tasks.obj                      16     0         8      
    +--+------------------------------+------+---------+---------+
       Total:                         904    0         43     
                                                              
    C:\ti\ccsv6\tools\compiler\arm_15.12.3.LTS\lib\rtsv7M4_T_le_v4SPD16_eabi.lib
       memcpy_t2.obj                  156    0         0      
       memset_t2.obj                  122    0         0      
       autoinit.obj                   112    0         0      
       copy_decompress_rle.obj        112    0         0      
       exit.obj                       84     0         12     
       boot.obj                       84     0         0      
       cpy_tbl.obj                    76     0         0      
       _lock.obj                      20     0         8      
       args_main.obj                  24     0         0      
       copy_decompress_none.obj       14     0         0      
       pre_init.obj                   4      0         0      
       stkdepth_vars.obj              0      0         4      
       mpu_init.obj                   2      0         0      
       startup.obj                    2      0         0      
    +--+------------------------------+------+---------+---------+
       Total:                         812    0         24     
                                                              
       Stack:                         0      0         512    
       Linker Generated:              0      60        0      
    +--+------------------------------+------+---------+---------+
       Grand Total:                   1764   680       583    


LINKER GENERATED COPY TABLES

__TI_cinit_table @ 00000984 records: 2, size/record: 8, table size: 16
	.data: load addr=00000950, load size=0000001b bytes, run addr=20000200, run size=00000040 bytes, compression=rle
	.bss: load addr=00000970, load size=00000009 bytes, run addr=20000240, run size=0000000c bytes, compression=rle


LINKER GENERATED HANDLER TABLE

__TI_handler_table @ 0000097c records: 2, size/record: 4, table size: 8
	index: 0, handler: __TI_decompress_rle24
	index: 1, handler: __TI_decompress_none


GLOBAL SYMBOLS: SORTED ALPHABETICALLY BY Name 

address   name                           
-------   ----                           
000007e5  C$$EXIT                        
20000248  General_Ptr                    
2000022e  OsTicks                        
0000029b  Os_Schedule                    
00000885  PORTF_Init                     
20000240  ReadyQueue                     
0000093b  ResetISR                       
UNDEFED   SHT$$INIT_ARRAY$$Base          
UNDEFED   SHT$$INIT_ARRAY$$Limit         
0000028f  SchedulerInit                  
0000026d  SchedulerStart                 
0000031b  SetFlag                        
20000234  SetFlag_Ptr                    
00000771  Set_CallBack                   
2000022c  SysTicks                       
00000759  Systick_IntHandler             
00000731  Systick_init                   
0000091d  TASK1_Toggle_LED1              
0000040b  Task_Arranger                  
20000200  Task_Array                     
20000230  Task_Counter                   
20000200  __STACK_END                    
00000200  __STACK_SIZE                   
20000200  __STACK_TOP                    
00000984  __TI_CINIT_Base                
00000994  __TI_CINIT_Limit               
0000097c  __TI_Handler_Table_Base        
00000984  __TI_Handler_Table_Limit       
00000655  __TI_auto_init                 
20000218  __TI_cleanup_ptr               
0000092d  __TI_decompress_none           
00000947  __TI_decompress_rle24          
2000021c  __TI_dtors_ptr                 
20000220  __TI_enable_exit_profile_output
ffffffff  __TI_pprof_out_hndl            
ffffffff  __TI_prof_data_size            
ffffffff  __TI_prof_data_start           
00000000  __TI_static_base__             
000005d9  __aeabi_memclr                 
000005d9  __aeabi_memclr4                
000005d9  __aeabi_memclr8                
0000053d  __aeabi_memcpy                 
0000053d  __aeabi_memcpy4                
0000053d  __aeabi_memcpy8                
000005db  __aeabi_memset                 
000005db  __aeabi_memset4                
000005db  __aeabi_memset8                
ffffffff  __binit__                      
ffffffff  __c_args__                     
00000653  __mpu_init                     
20000000  __stack                        
000008f1  _args_main                     
00000791  _c_int00                       
20000224  _lock                          
00000917  _nop                           
0000090f  _register_lock                 
00000909  _register_unlock               
0000072f  _system_post_cinit             
0000094d  _system_pre_init               
20000228  _unlock                        
000007e9  abort                          
ffffffff  binit                          
00000839  copy_in                        
000007f1  exit                           
20000231  flag                           
00000000  g_pfnVectors                   
000008cd  main                           
2000023c  main_func_sp                   
0000053d  memcpy                         
000005e1  memset                         
00000323  scheduler_Add_Task             
00000397  scheduler_Remove_Task          
000004c9  scheduler_Rerun_Removed_Task   
000003e1  swap                           


GLOBAL SYMBOLS: SORTED BY Symbol Address 

address   name                           
-------   ----                           
00000000  __TI_static_base__             
00000000  g_pfnVectors                   
00000200  __STACK_SIZE                   
0000026d  SchedulerStart                 
0000028f  SchedulerInit                  
0000029b  Os_Schedule                    
0000031b  SetFlag                        
00000323  scheduler_Add_Task             
00000397  scheduler_Remove_Task          
000003e1  swap                           
0000040b  Task_Arranger                  
000004c9  scheduler_Rerun_Removed_Task   
0000053d  __aeabi_memcpy                 
0000053d  __aeabi_memcpy4                
0000053d  __aeabi_memcpy8                
0000053d  memcpy                         
000005d9  __aeabi_memclr                 
000005d9  __aeabi_memclr4                
000005d9  __aeabi_memclr8                
000005db  __aeabi_memset                 
000005db  __aeabi_memset4                
000005db  __aeabi_memset8                
000005e1  memset                         
00000653  __mpu_init                     
00000655  __TI_auto_init                 
0000072f  _system_post_cinit             
00000731  Systick_init                   
00000759  Systick_IntHandler             
00000771  Set_CallBack                   
00000791  _c_int00                       
000007e5  C$$EXIT                        
000007e9  abort                          
000007f1  exit                           
00000839  copy_in                        
00000885  PORTF_Init                     
000008cd  main                           
000008f1  _args_main                     
00000909  _register_unlock               
0000090f  _register_lock                 
00000917  _nop                           
0000091d  TASK1_Toggle_LED1              
0000092d  __TI_decompress_none           
0000093b  ResetISR                       
00000947  __TI_decompress_rle24          
0000094d  _system_pre_init               
0000097c  __TI_Handler_Table_Base        
00000984  __TI_CINIT_Base                
00000984  __TI_Handler_Table_Limit       
00000994  __TI_CINIT_Limit               
20000000  __stack                        
20000200  Task_Array                     
20000200  __STACK_END                    
20000200  __STACK_TOP                    
20000218  __TI_cleanup_ptr               
2000021c  __TI_dtors_ptr                 
20000220  __TI_enable_exit_profile_output
20000224  _lock                          
20000228  _unlock                        
2000022c  SysTicks                       
2000022e  OsTicks                        
20000230  Task_Counter                   
20000231  flag                           
20000234  SetFlag_Ptr                    
2000023c  main_func_sp                   
20000240  ReadyQueue                     
20000248  General_Ptr                    
ffffffff  __TI_pprof_out_hndl            
ffffffff  __TI_prof_data_size            
ffffffff  __TI_prof_data_start           
ffffffff  __binit__                      
ffffffff  __c_args__                     
ffffffff  binit                          
UNDEFED   SHT$$INIT_ARRAY$$Base          
UNDEFED   SHT$$INIT_ARRAY$$Limit         

[74 symbols]
